---
source: crates/oxc_linter/src/tester.rs
---

  ⚠ better_tailwindcss(enforce-canonical-classes): The class: "[display:flex]" can be simplified to "flex".
   ╭─[enforce_canonical_classes.tsx:1:17]
 1 │ <div className="[display:flex]" />
   ·                 ──────────────
   ╰────
  help: Replace `[display:flex]` with `flex`.
